-------------------------------------------------------------------------------------------------------
      name:  <unnamed>
       log:  E:\analyses\alex-tmp-repo-3\analysis\output/an_checkassumptions_MI_estimate.log
  log type:  text
 opened on:  12 May 2020, 23:42:33

. 
. 
. 
. ********************************   NOTES  **************************************
. 
. *  Assumes region is string, taking  values: 
. *    East, East Midlands, London, North East, North West, South East, 
. *    South West, West Midlands, and Yorkshire and The Humber
. *
. *  Assumes ethnicity is numeric, taking values: 
. *       1, 2, 3, 4, 5, (missing: . or .u)
. *       in the order White, Black, Asian, Mixed, Other
. *       with value labels exactly as above. 
. *       (NB: this is now intially recoded from ordering: 
. *      White, Mixed, Asian, Black, Other)       
. *
. *
. *  Assumes a complete case sample other than ethnicity
. *
. ********************************************************************************
. 
. 
. 
. * Add imputations to the full dataset
. use cr_create_analysis_dataset.dta, clear
(Analysis dataset for the poor outcomes in Covid project)

. merge 1:1 patient_id using imputed.dta
(label ethnicity already defined)

    Result                           # of obs.
    -----------------------------------------
    not matched                           700
        from master                       700  (_merge==1)
        from using                          0  (_merge==2)

    matched                        17,282,579  (_merge==3)
    -----------------------------------------

. 
. 
. 
. /*   Prepare data to be imported   */
. 
. 
. * Create ID version for exportation into Stata mi impute
. gen _mi = _n

. 
. * Change imputed ethnicity to the original coding (switch mixed and black)
. label define ethnicity  1 "White"                                       ///
>                                                 2 "Mixed"                                       ///
>                                                 3 "Asian or Asian British"      ///
>                                                 4 "Black"                                       ///
>                                                 5 "Other"                                       ///
>                                                 .u "Unknown", replace

. label values ethnicity ethnicity

. 
. forvalues i = 1 (1) 5 {
  2.         recode ethnicity`i' 2=4 4=2
  3.         label values ethnicity`i' ethnicity
  4. }
(ethnicity1: 699742 changes made)
(ethnicity2: 685093 changes made)
(ethnicity3: 684590 changes made)
(ethnicity4: 684664 changes made)
(ethnicity5: 691928 changes made)

. 
. 
. recode ethnicity .u=.
(ethnicity: 4563711 changes made)

. 
. /*  Import into -mi- format  */
. 
. 
. mi import wide, imputed(ethnicity = ///
>                                                 ethnicity1  ///
>                                                 ethnicity2      ///
>                                                 ethnicity3      ///
>                                                 ethnicity4      ///
>                                                 ethnicity5) drop clear
(2490 values of imputed variable ethnicity in m>0 updated to match values in m=0)

. 
. 
. 
. 
. 
. **************************
. *  Analyse imputed data  *
. **************************
. 
. 
. // Declare imputed data as survival
. 
. mi stset stime_cpnsdeath, fail(cpnsdeath) enter(enter_date)     ///
>         origin(enter_date) id(patient_id)

                id:  patient_id
     failure event:  cpnsdeath != 0 & cpnsdeath < .
obs. time interval:  (stime_cpnsdeath[_n-1], stime_cpnsdeath]
 enter on or after:  time enter_date
 exit on or before:  failure
    t for analysis:  (time-origin)
            origin:  time enter_date

------------------------------------------------------------------------------
   17283279  total observations
        447  observations end on or before enter()
------------------------------------------------------------------------------
   17282832  observations remaining, representing
   17282832  subjects
      5,651  failures in single-failure-per-subject data
 1.4499e+09  total analysis time at risk and under observation
                                                at risk from t =         0
                                     earliest observed entry t =         0
                                          last observed exit t =        84

. 
.         
. // Check if the MI distribution of ethnicity matches that in the external data
. mi estimate: prop ethnicity 

Multiple-imputation estimates     Imputations     =          5
Proportion estimation             Number of obs   = 17,283,077
                                  Average RVI     =    94.4832
                                  Largest FMI     =     0.9978
                                  Complete DF     =   17283076
DF adjustment:   Small sample     DF:     min     =       4.02
                                          avg     =       5.21
Within VCE type:     Analytic             max     =       9.01

-------------------------------------------------------------------------
                        |                                   Normal
                        | Proportion   Std. Err.     [95% Conf. Interval]
------------------------+------------------------------------------------
              ethnicity |
                 White  |   .8571578   .0015345      .8529072    .8614083
                 Mixed  |   .0133984   .0003401      .0124591    .0143376
Asian or Asian British  |   .0783666   .0011003      .0753198    .0814134
                 Black  |   .0264799   .0001227      .0261632    .0267967
                 Other  |   .0245973   .0000645      .0244514    .0247432
-------------------------------------------------------------------------

. tab ethnicity

             Ethnicity |      Freq.     Percent        Cum.
-----------------------+-----------------------------------
                 White | 10,866,547       85.43       85.43
                 Mixed |    170,121        1.34       86.77
Asian or Asian British |  1,022,573        8.04       94.81
                 Black |    340,061        2.67       97.48
                 Other |    320,266        2.52      100.00
-----------------------+-----------------------------------
                 Total | 12,719,568      100.00

. 
. 
. 
. * Primary analysis using imputed data
. mi estimate, eform:                                                     ///
>         stcox   i.ethnicity                                                     ///
>                         age1 age2 age3                                          ///
>                         i.male                                                          ///
>                         i.obese4cat                                                     ///
>                         i.smoke_nomiss                                          ///
>                         i.imd                                                           ///
>                         i.htdiag_or_highbp                                      ///
>                         i.chronic_respiratory_disease           ///
>                         i.asthmacat                                             ///
>                         i.chronic_cardiac_disease                       ///
>                         i.diabcat                                                       ///
>                         i.cancer_exhaem_cat                             ///
>                         i.cancer_haem_cat                                       ///
>                         i.chronic_liver_disease                         ///
>                         i.stroke_dementia                                       ///
>                         i.other_neuro                                           ///
>                         i.reduced_kidney_function_cat           ///
>                         i.organ_transplant                                      ///
>                         i.spleen                                                        ///
>                         i.ra_sle_psoriasis                              ///
>                         i.other_immunosuppression                       ///
>                         , strata(stp)

Multiple-imputation estimates                   Imputations       =          5
Stratified Cox regr.: Breslow method for ties   Number of obs     = 17,282,630
                                                Average RVI       =     0.0161
                                                Largest FMI       =     0.2453
DF adjustment:   Large sample                   DF:     min       =      78.16
                                                        avg       =   1.39e+09
                                                        max       =   2.72e+10
Model F test:       Equal FMI                   F(  40,604240.7)  =     351.81
Within VCE type:          OIM                   Prob > F          =     0.0000

-----------------------------------------------------------------------------------------------
                           _t |     exp(b)   Std. Err.      t    P>|t|     [95% Conf. Interval]
------------------------------+----------------------------------------------------------------
                    ethnicity |
                       Mixed  |   1.687812   .2471458     3.57   0.000     1.266517    2.249247
      Asian or Asian British  |   1.630264   .1003357     7.94   0.000     1.442348    1.842663
                       Black  |   1.771174    .153919     6.58   0.000     1.489796    2.105697
                       Other  |   1.440936   .1717326     3.07   0.002     1.140683    1.820221
                              |
                         age1 |   1.128238   .0271843     5.01   0.000     1.076196    1.182796
                         age2 |   .9771813   .0525306    -0.43   0.668     .8794616    1.085759
                         age3 |   1.007871    .127028     0.06   0.950     .7872684    1.290289
                       1.male |   1.961609   .0565364    23.38   0.000     1.853871    2.075608
                              |
                    obese4cat |
           Obese I (30-34.9)  |   1.280164   .0443645     7.13   0.000     1.196098    1.370138
          Obese II (35-39.9)  |   1.589846   .0809462     9.11   0.000     1.438853    1.756684
             Obese III (40+)  |    2.32622   .1562035    12.57   0.000     2.039358    2.653433
                              |
                 smoke_nomiss |
                      Former  |   1.308922   .0410084     8.59   0.000     1.230964    1.391818
                     Current  |   .9269428   .0539876    -1.30   0.193     .8269449    1.039033
                              |
                          imd |
                           2  |   1.131426   .0510458     2.74   0.006     1.035674     1.23603
                           3  |    1.21358   .0545421     4.31   0.000     1.111252     1.32533
                           4  |   1.438211   .0638979     8.18   0.000     1.318271    1.569063
             5 most deprived  |   1.633098   .0750005    10.68   0.000      1.49252    1.786916
                              |
           1.htdiag_or_highbp |     .93018   .0301755    -2.23   0.026     .8728782    .9912435
1.chronic_respiratory_disease |   1.805751    .061441    17.37   0.000     1.689257    1.930279
                              |
                    asthmacat |
                 Yes, no OCS  |   1.097731   .0447125     2.29   0.022     1.013503    1.188959
                Yes with OCS  |   1.229746   .0904217     2.81   0.005     1.064701    1.420376
                              |
    1.chronic_cardiac_disease |   1.246202   .0374508     7.32   0.000     1.174919    1.321808
                              |
                      diabcat |
         Controlled diabetes  |   1.420732   .0488456    10.21   0.000      1.32815    1.519768
       Uncontrolled diabetes  |   2.150618   .0907275    18.15   0.000     1.979947    2.336001
  Diabetes, no hba1c measure  |   1.740681   .1256502     7.68   0.000     1.511038    2.005223
                              |
            cancer_exhaem_cat |
                   Last year  |   1.579876   .1555248     4.65   0.000     1.302656    1.916091
               2-5 years ago  |   1.197046   .0787789     2.73   0.006     1.052185     1.36185
                    5+ years  |   .9711149   .0441276    -0.65   0.519     .8883659    1.061572
                              |
              cancer_haem_cat |
                   Last year  |   3.320897    .641806     6.21   0.000     2.273787    4.850215
               2-5 years ago  |    3.06518   .3480919     9.86   0.000     2.453526    3.829316
                    5+ years  |   1.878323   .1884059     6.28   0.000     1.543086     2.28639
                              |
      1.chronic_liver_disease |    1.63655   .1593662     5.06   0.000     1.352197      1.9807
            1.stroke_dementia |   1.783267   .0652672    15.80   0.000     1.659826    1.915888
                1.other_neuro |   2.478127   .1465095    15.35   0.000     2.206986    2.782579
                              |
  reduced_kidney_function_cat |
    Stage 3a/3b egfr 30-60    |   1.547906   .0501735    13.48   0.000     1.452626    1.649435
           Stage 4/5 egfr<30  |   3.437544   .1778379    23.87   0.000     3.106077    3.804384
                              |
           1.organ_transplant |   3.551502   .5227763     8.61   0.000     2.661438     4.73923
                     1.spleen |   1.392123   .2916247     1.58   0.114     .9233496    2.098887
           1.ra_sle_psoriasis |   1.243373   .0572533     4.73   0.000     1.136073    1.360807
    1.other_immunosuppression |   1.758556   .2679661     3.70   0.000     1.304522    2.370615
-----------------------------------------------------------------------------------------------

.                         
. estimates save ./output/models/an_checkassumptions_3c_cpnsdeath_MAINFULLYADJMODEL_agespline_bmicat_MI
> eth, replace                       
(note: file ./output/models/an_checkassumptions_3c_cpnsdeath_MAINFULLYADJMODEL_agespline_bmicat_MIeth.s
> ter not found)
file ./output/models/an_checkassumptions_3c_cpnsdeath_MAINFULLYADJMODEL_agespline_bmicat_MIeth.ster sav
> ed

.                         
. 
. * Primary analysis using imputed data, with grouped age
. mi estimate, eform:                                                     ///
>         stcox   i.ethnicity                                                     ///
>                         ib3.agegroup                                                    ///
>                         i.male                                                          ///
>                         i.obese4cat                                                     ///
>                         i.smoke_nomiss                                          ///
>                         i.imd                                                           ///
>                         i.htdiag_or_highbp                                      ///
>                         i.chronic_respiratory_disease           ///
>                         i.asthmacat                                             ///
>                         i.chronic_cardiac_disease                       ///
>                         i.diabcat                                                       ///
>                         i.cancer_exhaem_cat                             ///
>                         i.cancer_haem_cat                                       ///
>                         i.chronic_liver_disease                         ///
>                         i.stroke_dementia                                       ///
>                         i.other_neuro                                           ///
>                         i.reduced_kidney_function_cat           ///
>                         i.organ_transplant                                      ///
>                         i.spleen                                                        ///
>                         i.ra_sle_psoriasis                              ///
>                         i.other_immunosuppression                       ///
>                         , strata(stp)

Multiple-imputation estimates                   Imputations       =          5
Stratified Cox regr.: Breslow method for ties   Number of obs     = 17,282,630
                                                Average RVI       =     0.0153
                                                Largest FMI       =     0.2429
DF adjustment:   Large sample                   DF:     min       =      79.63
                                                        avg       =   1.21e+09
                                                        max       =   2.14e+10
Model F test:       Equal FMI                   F(  42,702519.9)  =     329.78
Within VCE type:          OIM                   Prob > F          =     0.0000

-----------------------------------------------------------------------------------------------
                           _t |     exp(b)   Std. Err.      t    P>|t|     [95% Conf. Interval]
------------------------------+----------------------------------------------------------------
                    ethnicity |
                       Mixed  |   1.645495   .2412515     3.40   0.001     1.234297     2.19368
      Asian or Asian British  |   1.589577   .0978799     7.53   0.000     1.406273    1.796774
                       Black  |   1.719661   .1493031     6.24   0.000     1.446772    2.044022
                       Other  |   1.414462   .1685392     2.91   0.004     1.119788     1.78668
                              |
                     agegroup |
                      18-<40  |   .0674654   .0113033   -16.09   0.000     .0485813      .09369
                      40-<50  |    .296751   .0345382   -10.44   0.000     .2362232    .3727879
                      60-<70  |   2.156197   .1422231    11.65   0.000     1.894711     2.45377
                      70-<80  |   5.074211   .3123159    26.39   0.000     4.497564    5.724792
                         80+  |    13.2706    .828326    41.42   0.000     11.74249    14.99757
                              |
                       1.male |    1.86983   .0536023    21.83   0.000     1.767668    1.977896
                              |
                    obese4cat |
           Obese I (30-34.9)  |   1.204337   .0414938     5.40   0.000     1.125696    1.288473
          Obese II (35-39.9)  |   1.464445   .0741835     7.53   0.000     1.326033    1.617305
             Obese III (40+)  |   2.105669   .1407445    11.14   0.000      1.84712    2.400408
                              |
                 smoke_nomiss |
                      Former  |   1.311633   .0411414     8.65   0.000     1.233424      1.3948
                     Current  |   .8780635   .0509864    -2.24   0.025     .7836087    .9839037
                              |
                          imd |
                           2  |   1.132915    .051114     2.77   0.006     1.037035     1.23766
                           3  |   1.216672   .0546938     4.36   0.000     1.114061    1.328735
                           4  |   1.441213   .0640682     8.22   0.000     1.320956    1.572417
             5 most deprived  |   1.632515   .0750015    10.67   0.000     1.491937    1.786338
                              |
           1.htdiag_or_highbp |   .9583204   .0311906    -1.31   0.191      .899097    1.021445
1.chronic_respiratory_disease |   1.794654   .0611962    17.15   0.000     1.678632    1.918695
                              |
                    asthmacat |
                 Yes, no OCS  |   1.079069   .0439384     1.87   0.062     .9962983    1.168717
                Yes with OCS  |    1.20525   .0885891     2.54   0.011     1.043546    1.392011
                              |
    1.chronic_cardiac_disease |   1.281994    .038648     8.24   0.000      1.20844    1.360026
                              |
                      diabcat |
         Controlled diabetes  |   1.396876   .0481302     9.70   0.000     1.305656    1.494468
       Uncontrolled diabetes  |   2.060433   .0869991    17.12   0.000     1.896781    2.238204
  Diabetes, no hba1c measure  |   1.783346    .128787     8.01   0.000     1.547978    2.054502
                              |
            cancer_exhaem_cat |
                   Last year  |   1.569197   .1544744     4.58   0.000     1.293849    1.903142
               2-5 years ago  |   1.184713   .0779942     2.57   0.010     1.041299    1.347879
                    5+ years  |   .9847646   .0447778    -0.34   0.736     .9007988    1.076557
                              |
              cancer_haem_cat |
                   Last year  |   3.256645   .6293252     6.11   0.000      2.22988    4.756194
               2-5 years ago  |    2.96446    .336689     9.57   0.000      2.37285    3.703573
                    5+ years  |   1.852595   .1858472     6.15   0.000     1.521915    2.255125
                              |
      1.chronic_liver_disease |   1.592947   .1548688     4.79   0.000     1.316577    1.927332
            1.stroke_dementia |   1.858757   .0680419    16.93   0.000     1.730069    1.997017
                1.other_neuro |   2.422108   .1433065    14.95   0.000     2.156907    2.719918
                              |
  reduced_kidney_function_cat |
    Stage 3a/3b egfr 30-60    |   1.703735   .0545147    16.65   0.000      1.60017    1.814004
           Stage 4/5 egfr<30  |   3.997172    .204602    27.07   0.000     3.615619     4.41899
                              |
           1.organ_transplant |   3.191901   .4694174     7.89   0.000     2.392585    4.258253
                     1.spleen |   1.359023   .2846704     1.46   0.143     .9014223    2.048922
           1.ra_sle_psoriasis |   1.223337   .0563199     4.38   0.000     1.117785    1.338855
    1.other_immunosuppression |   1.680014   .2558815     3.41   0.001     1.246428    2.264429
-----------------------------------------------------------------------------------------------

.                         
. estimates save ./output/models/an_checkassumptions_3c_cpnsdeath_MAINFULLYADJMODEL_agegroup_bmicat_MIe
> th, replace                        
(note: file ./output/models/an_checkassumptions_3c_cpnsdeath_MAINFULLYADJMODEL_agegroup_bmicat_MIeth.st
> er not found)
file ./output/models/an_checkassumptions_3c_cpnsdeath_MAINFULLYADJMODEL_agegroup_bmicat_MIeth.ster save
> d

.                         
. log close
      name:  <unnamed>
       log:  E:\analyses\alex-tmp-repo-3\analysis\output/an_checkassumptions_MI_estimate.log
  log type:  text
 closed on:  13 May 2020, 07:48:16
-------------------------------------------------------------------------------------------------------
