----------------------------------------------------------------------------------------------------------------------------------
      name:  <unnamed>
       log:  E:\analyses\opensafely-risk-factors-research-full\analysis\output/an_multivariable_cox_models_onscoviddeath.log
  log type:  text
 opened on:   7 Jul 2020, 00:35:43

. 
. use "cr_create_analysis_dataset_STSET_`outcome'.dta", clear
(Analysis dataset for the poor outcomes in Covid project)

. 
. 
. ******************************
. *  Multivariable Cox models  *
. ******************************
. 
. *************************************************************************************
. *PROG TO DEFINE THE BASIC COX MODEL WITH OPTIONS FOR HANDLING OF AGE, BMI, ETHNICITY:
. cap prog drop basecoxmodel

. prog define basecoxmodel
  1.         syntax , age(string) bp(string) [ethnicity(real 0) if(string)] 
  2. 
.         if `ethnicity'==1 local ethnicity "i.ethnicity"
  3.         else local ethnicity
  4. timer clear
  5. timer on 1
  6.         capture stcox   `age'                                   ///
>                         i.male                                                  ///
>                         i.obese4cat                                             ///
>                         i.smoke_nomiss                                  ///
>                         `ethnicity'                                             ///
>                         i.imd                                                   ///
>                         `bp'                                                    ///
>                         i.chronic_respiratory_disease   ///
>                         i.asthmacat                                             ///
>                         i.chronic_cardiac_disease               ///
>                         i.diabcat                                               ///
>                         i.cancer_exhaem_cat                             ///
>                         i.cancer_haem_cat                               ///
>                         i.chronic_liver_disease                 ///
>                         i.stroke_dementia                               ///
>                         i.other_neuro                                   ///
>                         i.reduced_kidney_function_cat   ///
>                         i.organ_transplant                              ///
>                         i.spleen                                                ///
>                         i.ra_sle_psoriasis                      ///
>                         i.other_immunosuppression                       ///
>                         `if'                                                    ///
>                         , strata(stp)
  7. timer off 1
  8. timer list
  9. end

. *************************************************************************************
. 
. 
. 
. *Age spline model (not adj ethnicity)
. basecoxmodel, age("age1 age2 age3")  bp("i.htdiag_or_highbp") ethnicity(0)
   1:   2841.75 /        1 =    2841.7510

. if _rc==0{
. estimates

----------------------------------------------------------------------------------------------------------------------------------
active results
----------------------------------------------------------------------------------------------------------------------------------

Stratified Cox regr. -- Breslow method for ties

No. of subjects =   17,277,935                  Number of obs    =  17,277,935
No. of failures =       10,926
Time at risk    =   1638907207
                                                LR chi2(36)      =    38757.96
Log likelihood  =   -127700.09                  Prob > chi2      =      0.0000

-----------------------------------------------------------------------------------------------
                           _t | Haz. Ratio   Std. Err.      z    P>|z|     [95% Conf. Interval]
------------------------------+----------------------------------------------------------------
                         age1 |   1.172213   .0255195     7.30   0.000     1.123248    1.223313
                         age2 |   .8851475   .0419027    -2.58   0.010     .8067146    .9712061
                         age3 |    1.32895   .1455945     2.60   0.009     1.072147    1.647262
                       1.male |    1.58918   .0321247    22.91   0.000     1.527447    1.653407
                              |
                    obese4cat |
           Obese I (30-34.9)  |   1.049214   .0280393     1.80   0.072     .9956723    1.105635
          Obese II (35-39.9)  |   1.403919   .0548334     8.69   0.000     1.300458    1.515611
             Obese III (40+)  |   1.915494   .1036511    12.01   0.000     1.722743     2.12981
                              |
                 smoke_nomiss |
                      Former  |   1.190565    .025765     8.06   0.000     1.141123     1.24215
                     Current  |     .89189   .0380027    -2.69   0.007     .8204314    .9695726
                              |
                          imd |
                           2  |   1.119479   .0358713     3.52   0.000     1.051335     1.19204
                           3  |   1.224602   .0391813     6.33   0.000     1.150166    1.303855
                           4  |   1.512891   .0476885    13.13   0.000     1.422252    1.609307
             5 most deprived  |   1.794147   .0579272    18.10   0.000     1.684129    1.911351
                              |
           1.htdiag_or_highbp |   .8906513   .0205642    -5.02   0.000     .8512446    .9318823
1.chronic_respiratory_disease |   1.627553   .0409063    19.38   0.000     1.549321    1.709735
                              |
                    asthmacat |
                 Yes, no OCS  |   .9908897   .0305427    -0.30   0.767     .9327994    1.052598
                Yes with OCS  |    1.12687   .0638027     2.11   0.035     1.008508    1.259124
                              |
    1.chronic_cardiac_disease |   1.169705   .0252628     7.26   0.000     1.121224    1.220283
                              |
                      diabcat |
         Controlled diabetes  |   1.307176   .0325487    10.76   0.000     1.244913    1.372552
       Uncontrolled diabetes  |   1.948581   .0624953    20.80   0.000     1.829863    2.075001
  Diabetes, no hba1c measure  |   1.899715   .0940468    12.96   0.000     1.724047    2.093282
                              |
            cancer_exhaem_cat |
                   Last year  |   1.717574   .1174501     7.91   0.000     1.502135    1.963911
               2-5 years ago  |   1.153872   .0559755     2.95   0.003     1.049216    1.268967
                    5+ years  |    .963489   .0307086    -1.17   0.243     .9051426    1.025596
                              |
              cancer_haem_cat |
                   Last year  |   2.802517   .4289251     6.73   0.000     2.076213    3.782897
               2-5 years ago  |   2.464605   .2266224     9.81   0.000     2.058158    2.951318
                    5+ years  |   1.611519   .1238994     6.21   0.000     1.386091    1.873608
                              |
      1.chronic_liver_disease |   1.747977   .1330957     7.33   0.000     1.505646    2.029311
            1.stroke_dementia |   2.161146   .0523404    31.82   0.000     2.060957    2.266205
                1.other_neuro |    2.57889   .1047244    23.33   0.000      2.38159    2.792536
                              |
  reduced_kidney_function_cat |
Stage 3a/3b egfr 30-60        |    1.33411   .0304694    12.62   0.000     1.275708    1.395186
           Stage 4/5 egfr<30  |    2.51778   .0983969    23.63   0.000     2.332127    2.718213
                              |
           1.organ_transplant |   3.526578   .4346386    10.23   0.000     2.769783    4.490153
                     1.spleen |   1.339497    .212622     1.84   0.066       .98136    1.828333
           1.ra_sle_psoriasis |   1.186408   .0402154     5.04   0.000     1.110149    1.267906
    1.other_immunosuppression |   2.207481   .3078685     5.68   0.000     1.679513     2.90142
-----------------------------------------------------------------------------------------------
                                                             Stratified by stp
. estimates save ./output/models/an_multivariate_cox_models_`outcome'_MAINFULLYADJMODEL_agespline_bmicat_noeth, replace
(note: file ./output/models/an_multivariate_cox_models_onscoviddeath_MAINFULLYADJMODEL_agespline_bmicat_noeth.ster not found)
file ./output/models/an_multivariate_cox_models_onscoviddeath_MAINFULLYADJMODEL_agespline_bmicat_noeth.ster saved
. *estat concordance /*c-statistic*/
. }

. else di "WARNING AGE SPLINE MODEL DID NOT FIT (OUTCOME `outcome')"

.  
. *Age group model (not adj ethnicity)
. basecoxmodel, age("ib3.agegroup") bp("i.htdiag_or_highbp") ethnicity(0)
   1:   2905.75 /        1 =    2905.7510

. if _rc==0{
. estimates

----------------------------------------------------------------------------------------------------------------------------------
active results
----------------------------------------------------------------------------------------------------------------------------------

Stratified Cox regr. -- Breslow method for ties

No. of subjects =   17,277,935                  Number of obs    =  17,277,935
No. of failures =       10,926
Time at risk    =   1638907207
                                                LR chi2(38)      =    36874.78
Log likelihood  =   -128641.68                  Prob > chi2      =      0.0000

-----------------------------------------------------------------------------------------------
                           _t | Haz. Ratio   Std. Err.      z    P>|z|     [95% Conf. Interval]
------------------------------+----------------------------------------------------------------
                     agegroup |
                      18-<40  |   .0584173   .0083703   -19.82   0.000      .044114    .0773581
                      40-<50  |   .2998182   .0285732   -12.64   0.000     .2487351    .3613924
                      60-<70  |   2.397591   .1281027    16.37   0.000     2.159214    2.662286
                      70-<80  |   6.070173   .2996241    36.54   0.000     5.510433    6.686771
                         80+  |   20.59502   1.012404    61.54   0.000     18.70333    22.67803
                              |
                       1.male |   1.473138   .0295487    19.31   0.000     1.416347    1.532206
                              |
                    obese4cat |
           Obese I (30-34.9)  |   .9547639   .0253471    -1.74   0.081     .9063548    1.005759
          Obese II (35-39.9)  |   1.237104   .0480391     5.48   0.000     1.146443    1.334934
             Obese III (40+)  |   1.642314   .0884475     9.21   0.000     1.477796    1.825148
                              |
                 smoke_nomiss |
                      Former  |   1.188129   .0257343     7.96   0.000     1.138746    1.239653
                     Current  |    .815917   .0346166    -4.80   0.000     .7508139    .8866651
                              |
                          imd |
                           2  |   1.122322   .0359619     3.60   0.000     1.054006    1.195067
                           3  |   1.229408   .0393475     6.45   0.000     1.154657    1.308998
                           4  |   1.519245   .0479362    13.25   0.000     1.428138    1.616164
             5 most deprived  |   1.793793   .0579732    18.08   0.000     1.683692    1.911095
                              |
           1.htdiag_or_highbp |   .9237235   .0214024    -3.42   0.001     .8827138    .9666384
1.chronic_respiratory_disease |   1.602266   .0403557    18.72   0.000     1.525091    1.683346
                              |
                    asthmacat |
                 Yes, no OCS  |     .96503   .0297311    -1.16   0.248     .9084825    1.025097
                Yes with OCS  |   1.089071   .0616351     1.51   0.132      .974727    1.216828
                              |
    1.chronic_cardiac_disease |   1.218738   .0264274     9.12   0.000     1.168027    1.271651
                              |
                      diabcat |
         Controlled diabetes  |    1.26063   .0314616     9.28   0.000      1.20045    1.323826
       Uncontrolled diabetes  |   1.805382   .0579454    18.41   0.000      1.69531    1.922601
  Diabetes, no hba1c measure  |   1.969226   .0975561    13.68   0.000     1.787009    2.170023
                              |
            cancer_exhaem_cat |
                   Last year  |   1.685846   .1152697     7.64   0.000     1.474406    1.927608
               2-5 years ago  |   1.130747   .0548644     2.53   0.011     1.028169    1.243558
                    5+ years  |   .9800308    .031261    -0.63   0.527     .9206364    1.043257
                              |
              cancer_haem_cat |
                   Last year  |   2.673766   .4091662     6.43   0.000     1.980907    3.608965
               2-5 years ago  |   2.328297    .214099     9.19   0.000     1.944312    2.788116
                    5+ years  |   1.579026    .121418     5.94   0.000     1.358116     1.83587
                              |
      1.chronic_liver_disease |   1.661339   .1262263     6.68   0.000     1.431479    1.928108
            1.stroke_dementia |   2.312631   .0560201    34.61   0.000       2.2054    2.425077
                1.other_neuro |   2.482816   .1009006    22.38   0.000     2.292726    2.688667
                              |
  reduced_kidney_function_cat |
Stage 3a/3b egfr 30-60        |   1.545541     .03477    19.35   0.000     1.478874    1.615213
           Stage 4/5 egfr<30  |   3.176386   .1229279    29.86   0.000     2.944363    3.426693
                              |
           1.organ_transplant |   2.997231   .3690774     8.91   0.000     2.354527    3.815371
                     1.spleen |   1.293998   .2053821     1.62   0.104     .9480509    1.766182
           1.ra_sle_psoriasis |   1.154641   .0391289     4.24   0.000     1.080441    1.233936
    1.other_immunosuppression |    2.04251   .2847909     5.12   0.000     1.554102    2.684409
-----------------------------------------------------------------------------------------------
                                                             Stratified by stp
. estimates save ./output/models/an_multivariate_cox_models_`outcome'_MAINFULLYADJMODEL_agegroup_bmicat_noeth, replace
(note: file ./output/models/an_multivariate_cox_models_onscoviddeath_MAINFULLYADJMODEL_agegroup_bmicat_noeth.ster not found)
file ./output/models/an_multivariate_cox_models_onscoviddeath_MAINFULLYADJMODEL_agegroup_bmicat_noeth.ster saved
. *estat concordance /*c-statistic*/
. }

. else di "WARNING GROUP MODEL DID NOT FIT (OUTCOME `outcome')"

. 
. *Complete case ethnicity model
. basecoxmodel, age("age1 age2 age3") bp("i.htdiag_or_highbp") ethnicity(1)
   1:   2431.45 /        1 =    2431.4460

. if _rc==0{
. estimates

----------------------------------------------------------------------------------------------------------------------------------
active results
----------------------------------------------------------------------------------------------------------------------------------

Stratified Cox regr. -- Breslow method for ties

No. of subjects =   12,717,951                  Number of obs    =  12,717,951
No. of failures =        8,149
Time at risk    =   1206440035
                                                LR chi2(40)      =    28957.01
Log likelihood  =   -93016.856                  Prob > chi2      =      0.0000

-----------------------------------------------------------------------------------------------
                           _t | Haz. Ratio   Std. Err.      z    P>|z|     [95% Conf. Interval]
------------------------------+----------------------------------------------------------------
                         age1 |   1.172161   .0296925     6.27   0.000     1.115386    1.231826
                         age2 |   .8835238   .0485036    -2.26   0.024     .7933944    .9838919
                         age3 |   1.338338   .1697468     2.30   0.022     1.043769    1.716039
                       1.male |   1.537723   .0359851    18.39   0.000     1.468786    1.609895
                              |
                    obese4cat |
           Obese I (30-34.9)  |   1.049832   .0321023     1.59   0.112     .9887606    1.114675
          Obese II (35-39.9)  |   1.414607   .0630155     7.79   0.000     1.296337    1.543667
             Obese III (40+)  |   1.923379   .1193323    10.54   0.000     1.703153    2.172081
                              |
                 smoke_nomiss |
                      Former  |   1.224271   .0312918     7.92   0.000     1.164451    1.287164
                     Current  |    .930772   .0455977    -1.46   0.143     .8455585    1.024573
                              |
                    ethnicity |
                       Mixed  |   1.432452   .1843791     2.79   0.005     1.113056      1.8435
      Asian or Asian British  |   1.445088   .0677971     7.85   0.000     1.318134    1.584269
                       Black  |   1.479264   .1005392     5.76   0.000     1.294771    1.690044
                       Other  |   1.328443   .1300053     2.90   0.004     1.096584    1.609326
                              |
                          imd |
                           2  |   1.161088   .0445286     3.89   0.000     1.077013    1.251726
                           3  |   1.263786   .0482705     6.13   0.000     1.172633    1.362026
                           4  |   1.542129   .0577797    11.56   0.000     1.432941    1.659637
             5 most deprived  |   1.770051   .0678299    14.90   0.000     1.641977    1.908115
                              |
           1.htdiag_or_highbp |   .9093519   .0246659    -3.50   0.000     .8622702    .9590043
1.chronic_respiratory_disease |   1.652055   .0474294    17.49   0.000     1.561662     1.74768
                              |
                    asthmacat |
                 Yes, no OCS  |   .9360142   .0333628    -1.86   0.064      .872856    1.003742
                Yes with OCS  |   1.080827   .0691971     1.21   0.225     .9533672    1.225327
                              |
    1.chronic_cardiac_disease |   1.160794    .029026     5.96   0.000     1.105276    1.219101
                              |
                      diabcat |
         Controlled diabetes  |   1.281018   .0367968     8.62   0.000      1.21089    1.355207
       Uncontrolled diabetes  |    1.85537   .0686948    16.69   0.000       1.7255    1.995015
  Diabetes, no hba1c measure  |   1.862341   .1052394    11.00   0.000     1.667088    2.080463
                              |
            cancer_exhaem_cat |
                   Last year  |   1.673144   .1345652     6.40   0.000     1.429138    1.958811
               2-5 years ago  |   1.211329   .0670302     3.46   0.001     1.086826    1.350095
                    5+ years  |   .9848204   .0363719    -0.41   0.679     .9160517    1.058752
                              |
              cancer_haem_cat |
                   Last year  |   2.336487   .4510748     4.40   0.000     1.600417    3.411093
               2-5 years ago  |   2.525807   .2667602     8.77   0.000     2.053532    3.106696
                    5+ years  |   1.553427   .1404843     4.87   0.000     1.301105    1.854681
                              |
      1.chronic_liver_disease |    1.75114    .150036     6.54   0.000      1.48044    2.071338
            1.stroke_dementia |   2.163365   .0605397    27.58   0.000     2.047905    2.285335
                1.other_neuro |   2.529171   .1191021    19.70   0.000     2.306184    2.773719
                              |
  reduced_kidney_function_cat |
Stage 3a/3b egfr 30-60        |   1.365836   .0362891    11.73   0.000     1.296531    1.438846
           Stage 4/5 egfr<30  |   2.501346   .1135532    20.20   0.000       2.2884    2.734107
                              |
           1.organ_transplant |   3.447843   .4849323     8.80   0.000     2.617145    4.542211
                     1.spleen |   1.344974   .2425367     1.64   0.100      .944535    1.915179
           1.ra_sle_psoriasis |   1.151018   .0455422     3.55   0.000      1.06513    1.243832
    1.other_immunosuppression |   2.241921   .3443799     5.26   0.000     1.659082    3.029513
-----------------------------------------------------------------------------------------------
                                                             Stratified by stp
. estimates save ./output/models/an_multivariate_cox_models_`outcome'_MAINFULLYADJMODEL_agespline_bmicat_CCeth, replace
(note: file ./output/models/an_multivariate_cox_models_onscoviddeath_MAINFULLYADJMODEL_agespline_bmicat_CCeth.ster not found)
file ./output/models/an_multivariate_cox_models_onscoviddeath_MAINFULLYADJMODEL_agespline_bmicat_CCeth.ster saved
. *estat concordance /*c-statistic*/
.  }

.  else di "WARNING CC ETHNICITY MODEL WITH AGESPLINE DID NOT FIT (OUTCOME `outcome')"

.  
. 
. 
. log close
      name:  <unnamed>
       log:  E:\analyses\opensafely-risk-factors-research-full\analysis\output/an_multivariable_cox_models_onscoviddeath.log
  log type:  text
 closed on:   7 Jul 2020, 02:52:30
----------------------------------------------------------------------------------------------------------------------------------
