-------------------------------------------------------------------------------------------------------
      name:  <unnamed>
       log:  E:\analyses\alex-tmp-repo-3\analysis\output/an_smoke_adjdemographics_cpnsdeath.log
  log type:  text
 opened on:  14 May 2020, 21:47:33

. 
. use "cr_create_analysis_dataset_STSET_`outcome'.dta", clear
(Analysis dataset for the poor outcomes in Covid project)

. 
. cap stcox age1 age2 age3 i.male i.ethnicity i.imd i.smoke_nomiss, strata(stp)

. if _rc==0{
. estimates 

-------------------------------------------------------------------------------------------------------
active results
-------------------------------------------------------------------------------------------------------

Stratified Cox regr. -- Breslow method for ties

No. of subjects =   12,719,249                  Number of obs    =  12,719,249
No. of failures =        4,203
Time at risk    =   1067136353
                                                LR chi2(14)      =    11809.91
Log likelihood  =    -49490.12                  Prob > chi2      =      0.0000

-----------------------------------------------------------------------------------------
                     _t | Haz. Ratio   Std. Err.      z    P>|z|     [95% Conf. Interval]
------------------------+----------------------------------------------------------------
                   age1 |   1.103328   .0292553     3.71   0.000     1.047453    1.162183
                   age2 |   1.062769   .0630874     1.03   0.305     .9460414    1.193898
                   age3 |   .8302291   .1156731    -1.34   0.182     .6318337     1.09092
                 1.male |    2.03888   .0666367    21.80   0.000      1.91237     2.17376
                        |
              ethnicity |
                 Mixed  |   1.757623   .2855211     3.47   0.001     1.278352     2.41658
Asian or Asian British  |   1.901255   .1142545    10.69   0.000     1.690005    2.138911
                 Black  |   1.974369   .1690967     7.94   0.000     1.669269    2.335233
                 Other  |   1.332178   .1776932     2.15   0.032     1.025709    1.730215
                        |
                    imd |
                     2  |   1.245436   .0674656     4.05   0.000     1.119983     1.38494
                     3  |   1.375367   .0741158     5.91   0.000     1.237511     1.52858
                     4  |   1.762966   .0926025    10.79   0.000     1.590499    1.954136
       5 most deprived  |    2.09068   .1123095    13.73   0.000      1.88175    2.322809
                        |
           smoke_nomiss |
                Former  |   1.607883   .0572291    13.34   0.000     1.499539    1.724055
               Current  |   1.071582   .0704753     1.05   0.293     .9419855    1.219009
-----------------------------------------------------------------------------------------
                                                             Stratified by stp
. estimates save ./output/models/an_smoke_adjdemographics, replace        
(note: file ./output/models/an_smoke_adjdemographics.ster not found)
file ./output/models/an_smoke_adjdemographics.ster saved
. }

. 
. log close
      name:  <unnamed>
       log:  E:\analyses\alex-tmp-repo-3\analysis\output/an_smoke_adjdemographics_cpnsdeath.log
  log type:  text
 closed on:  14 May 2020, 22:02:07
-------------------------------------------------------------------------------------------------------
-------------------------------------------------------------------------------------------------------
      name:  <unnamed>
       log:  E:\analyses\alex-tmp-repo-3\analysis\output/an_smoke_adjdemographics_cpnsdeath.log
  log type:  text
 opened on:  14 May 2020, 22:50:38

. 
. use "cr_create_analysis_dataset_STSET_`outcome'.dta", clear
(Analysis dataset for the poor outcomes in Covid project)

. 
. stcox age1 age2 age3 i.ht_or_highbp i.obese4cat i.diabcat , strata(stp)
variable ht_or_highbp not found
r(111);

end of do-file

r(111);

. d h*

              storage   display    value
variable name   type    format     label      variable label
-------------------------------------------------------------------------------------------------------
hypertension    float   %9.0g                 
htdiag_or_hig~p float   %9.0g                 Diagnosed hypertension or high blood pressure
hba1ccat        float   %9.0g      hba1ccat   Categorised hba1c

. do "C:\Users\KRISHN~1\AppData\Local\Temp\5\STD76a4_000000.tmp"

. stcox age1 age2 age3 i.htdiag_or_highbp i.obese4cat i.diabcat , strata(stp)

         failure _d:  cpnsdeath
   analysis time _t:  (stime_cpnsdeath-origin)
             origin:  time enter_date
  enter on or after:  time enter_date
                 id:  patient_id

Iteration 0:   log likelihood = -75997.099
Iteration 1:   log likelihood = -69661.697
Iteration 2:   log likelihood = -68194.477
Iteration 3:   log likelihood = -68146.301
Iteration 4:   log likelihood = -68140.506
Iteration 5:   log likelihood = -68140.001
Iteration 6:   log likelihood = -68139.995
Iteration 7:   log likelihood = -68139.995
Refining estimates:
Iteration 0:   log likelihood = -68139.995

Stratified Cox regr. -- Breslow method for ties

No. of subjects =   17,282,832                  Number of obs    =  17,282,832
No. of failures =        5,651
Time at risk    =   1449942098
                                                LR chi2(10)      =    15714.21
Log likelihood  =   -68139.995                  Prob > chi2      =      0.0000

---------------------------------------------------------------------------------------------
                         _t | Haz. Ratio   Std. Err.      z    P>|z|     [95% Conf. Interval]
----------------------------+----------------------------------------------------------------
                       age1 |    1.11455     .02598     4.65   0.000     1.064776    1.166651
                       age2 |   1.010081   .0527214     0.19   0.848     .9118583    1.118883
                       age3 |   .9525925   .1167402    -0.40   0.692     .7491908    1.211217
         1.htdiag_or_highbp |   1.010701   .0326881     0.33   0.742     .9486218    1.076843
                            |
                  obese4cat |
         Obese I (30-34.9)  |   1.353915   .0467897     8.77   0.000     1.265246    1.448798
        Obese II (35-39.9)  |   1.610701   .0814189     9.43   0.000     1.458773    1.778452
           Obese III (40+)  |   2.251462   .1496333    12.21   0.000     1.976484    2.564696
                            |
                    diabcat |
       Controlled diabetes  |   1.870923   .0628789    18.64   0.000     1.751654    1.998313
     Uncontrolled diabetes  |   3.223669   .1315416    28.69   0.000     2.975892    3.492076
Diabetes, no hba1c measure  |   2.195595   .1575824    10.96   0.000     1.907478    2.527229
---------------------------------------------------------------------------------------------
                                                             Stratified by stp

. estimates save ./output/models/an_smoke_adjdemographics_ht_obese_diab, replace  
(note: file ./output/models/an_smoke_adjdemographics_ht_obese_diab.ster not found)
file ./output/models/an_smoke_adjdemographics_ht_obese_diab.ster saved

. 
. log close
      name:  <unnamed>
       log:  E:\analyses\alex-tmp-repo-3\analysis\output/an_smoke_adjdemographics_cpnsdeath.log
  log type:  text
 closed on:  14 May 2020, 23:05:40
-------------------------------------------------------------------------------------------------------
-------------------------------------------------------------------------------------------------------
      name:  <unnamed>
       log:  E:\analyses\alex-tmp-repo-3\analysis\output/an_smoke_adjdemographics_cpnsdeath.log
  log type:  text
 opened on:  15 May 2020, 00:15:29

. 
. use "cr_create_analysis_dataset_STSET_`outcome'.dta", clear
(Analysis dataset for the poor outcomes in Covid project)

. 
. stcox age1 age2 age3 i.male i.htdiag_or_highbp i.obese4cat i.diabcat , strata(stp)

         failure _d:  cpnsdeath
   analysis time _t:  (stime_cpnsdeath-origin)
             origin:  time enter_date
  enter on or after:  time enter_date
                 id:  patient_id

--Break--
r(1);

end of do-file

--Break--
r(1);

. do "C:\Users\KRISHN~1\AppData\Local\Temp\5\STD76a4_000000.tmp"

. 
. local outcome cpnsdeath

. 
. log using "./output/an_smoke_adjdemographics_`outcome'", text append
log file already open
r(604);

end of do-file

r(604);

. do "C:\Users\KRISHN~1\AppData\Local\Temp\5\STD76a4_000000.tmp"

. use "cr_create_analysis_dataset_STSET_`outcome'.dta", clear
file cr_create_analysis_dataset_STSET_.dta not found
r(601);

end of do-file

r(601);

. do "C:\Users\KRISHN~1\AppData\Local\Temp\5\STD76a4_000000.tmp"

. 
. local outcome cpnsdeath

. 
. *log using "./output/an_smoke_adjdemographics_`outcome'", text append
. 
. use "cr_create_analysis_dataset_STSET_`outcome'.dta", clear
(Analysis dataset for the poor outcomes in Covid project)

. 
. stcox age1 age2 age3 i.male i.htdiag_or_highbp i.obese4cat i.diabcat , strata(stp)

         failure _d:  cpnsdeath
   analysis time _t:  (stime_cpnsdeath-origin)
             origin:  time enter_date
  enter on or after:  time enter_date
                 id:  patient_id

Iteration 0:   log likelihood = -75997.099
Iteration 1:   log likelihood = -69324.691
Iteration 2:   log likelihood = -67780.349
Iteration 3:   log likelihood = -67733.455
Iteration 4:   log likelihood = -67727.264
Iteration 5:   log likelihood = -67726.691
Iteration 6:   log likelihood = -67726.683
Iteration 7:   log likelihood = -67726.683
Refining estimates:
Iteration 0:   log likelihood = -67726.683

Stratified Cox regr. -- Breslow method for ties

No. of subjects =   17,282,832                  Number of obs    =  17,282,832
No. of failures =        5,651
Time at risk    =   1449942098
                                                LR chi2(11)      =    16540.83
Log likelihood  =   -67726.683                  Prob > chi2      =      0.0000

---------------------------------------------------------------------------------------------
                         _t | Haz. Ratio   Std. Err.      z    P>|z|     [95% Conf. Interval]
----------------------------+----------------------------------------------------------------
                       age1 |   1.122429   .0265149     4.89   0.000     1.071645    1.175619
                       age2 |   .9848104   .0519519    -0.29   0.772     .8880737    1.092085
                       age3 |   1.029187   .1273372     0.23   0.816     .8075666    1.311626
                     1.male |   2.200256   .0616501    28.14   0.000     2.082682    2.324467
         1.htdiag_or_highbp |   1.021477    .032832     0.66   0.509     .9591128    1.087897
                            |
                  obese4cat |
         Obese I (30-34.9)  |   1.374364   .0475212     9.20   0.000      1.28431    1.470733
        Obese II (35-39.9)  |   1.772068   .0898461    11.28   0.000      1.60444     1.95721
           Obese III (40+)  |   2.663611   .1778483    14.67   0.000      2.33688    3.036024
                            |
                    diabcat |
       Controlled diabetes  |    1.75627   .0590618    16.75   0.000     1.644244    1.875929
     Uncontrolled diabetes  |   2.931812   .1199139    26.30   0.000     2.705959    3.176517
Diabetes, no hba1c measure  |   2.140673   .1536402    10.60   0.000     1.859765    2.464011
---------------------------------------------------------------------------------------------
                                                             Stratified by stp

. estimates save ./output/models/an_smoke_adjdemographics_ht_obese_diab, replace  
file ./output/models/an_smoke_adjdemographics_ht_obese_diab.ster saved

. 
. log close
      name:  <unnamed>
       log:  E:\analyses\alex-tmp-repo-3\analysis\output/an_smoke_adjdemographics_cpnsdeath.log
  log type:  text
 closed on:  15 May 2020, 00:33:48
-------------------------------------------------------------------------------------------------------
-------------------------------------------------------------------------------------------------------
      name:  <unnamed>
       log:  E:\analyses\alex-tmp-repo-3\analysis\output/an_smoke_adjdemographics_cpnsdeath.log
  log type:  text
 opened on:  15 May 2020, 00:33:48

. 
. use "cr_create_analysis_dataset_STSET_`outcome'.dta", clear
(Analysis dataset for the poor outcomes in Covid project)

. 
. stcox ib3.agegroup##i.htdiag_or_highbp i.male, strata(stp)

         failure _d:  cpnsdeath
   analysis time _t:  (stime_cpnsdeath-origin)
             origin:  time enter_date
  enter on or after:  time enter_date
                 id:  patient_id

Iteration 0:   log likelihood = -75997.099
Iteration 1:   log likelihood = -70538.917
Iteration 2:   log likelihood = -69800.744
Iteration 3:   log likelihood = -68654.884
Iteration 4:   log likelihood = -68615.997
Iteration 5:   log likelihood = -68615.831
Iteration 6:   log likelihood = -68615.831
Refining estimates:
Iteration 0:   log likelihood = -68615.831

Stratified Cox regr. -- Breslow method for ties

No. of subjects =   17,282,832                  Number of obs    =  17,282,832
No. of failures =        5,651
Time at risk    =   1449942098
                                                LR chi2(12)      =    14762.54
Log likelihood  =   -68615.831                  Prob > chi2      =      0.0000

-------------------------------------------------------------------------------------------
                       _t | Haz. Ratio   Std. Err.      z    P>|z|     [95% Conf. Interval]
--------------------------+----------------------------------------------------------------
                 agegroup |
                  18-<40  |   .0783405   .0154612   -12.90   0.000     .0532101    .1153398
                  40-<50  |   .3015177   .0505491    -7.15   0.000     .2170751    .4188087
                  60-<70  |   3.109813   .3426307    10.30   0.000     2.505828    3.859379
                  70-<80  |   10.81818   1.085592    23.73   0.000     8.886634    13.16957
                     80+  |   41.23135   3.983258    38.50   0.000      34.1189    49.82645
                          |
       1.htdiag_or_highbp |   2.498552   .2755449     8.30   0.000     2.012873    3.101419
                          |
agegroup#htdiag_or_highbp |
                18-<40#1  |   .9457889   .3881286    -0.14   0.892      .423138    2.114007
                40-<50#1  |   1.121763   .2625692     0.49   0.624     .7090254    1.774763
                60-<70#1  |   .6470543    .088617    -3.18   0.001     .4947262    .8462848
                70-<80#1  |   .4772098   .0592394    -5.96   0.000     .3741482    .6086603
                   80+#1  |   .4098841   .0489094    -7.47   0.000      .324408    .5178818
                          |
                   1.male |   2.097519   .0581104    26.74   0.000     1.986662    2.214562
-------------------------------------------------------------------------------------------
                                                             Stratified by stp

. estimates save ./output/models/an_smoke_adjdemographics_ht_byage, replace       
(note: file ./output/models/an_smoke_adjdemographics_ht_byage.ster not found)
file ./output/models/an_smoke_adjdemographics_ht_byage.ster saved

. 
. lincom 1.htdiag_or_highbp + 1.agegroup + 1.agegroup#1.htdiag_or_highbp, eform

 ( 1)  1.agegroup + 1.htdiag_or_highbp + 1.agegroup#1.htdiag_or_highbp = 0

------------------------------------------------------------------------------
          _t |     exp(b)   Std. Err.      z    P>|z|     [95% Conf. Interval]
-------------+----------------------------------------------------------------
         (1) |   .1851268   .0674398    -4.63   0.000     .0906536    .3780535
------------------------------------------------------------------------------

. lincom 1.htdiag_or_highbp + 2.agegroup + 2.agegroup#1.htdiag_or_highbp, eform

 ( 1)  2.agegroup + 1.htdiag_or_highbp + 2.agegroup#1.htdiag_or_highbp = 0

------------------------------------------------------------------------------
          _t |     exp(b)   Std. Err.      z    P>|z|     [95% Conf. Interval]
-------------+----------------------------------------------------------------
         (1) |   .8450888    .146191    -0.97   0.331     .6020796    1.186181
------------------------------------------------------------------------------

. lincom 1.htdiag_or_highbp 

 ( 1)  1.htdiag_or_highbp = 0

------------------------------------------------------------------------------
          _t |      Coef.   Std. Err.      z    P>|z|     [95% Conf. Interval]
-------------+----------------------------------------------------------------
         (1) |   .9157114   .1102818     8.30   0.000      .699563     1.13186
------------------------------------------------------------------------------

. lincom 1.htdiag_or_highbp + 4.agegroup + 4.agegroup#1.htdiag_or_highbp, eform

 ( 1)  4.agegroup + 1.htdiag_or_highbp + 4.agegroup#1.htdiag_or_highbp = 0

------------------------------------------------------------------------------
          _t |     exp(b)   Std. Err.      z    P>|z|     [95% Conf. Interval]
-------------+----------------------------------------------------------------
         (1) |   5.027632     .49903    16.27   0.000     4.138809    6.107333
------------------------------------------------------------------------------

. lincom 1.htdiag_or_highbp + 5.agegroup + 5.agegroup#1.htdiag_or_highbp, eform

 ( 1)  5.agegroup + 1.htdiag_or_highbp + 5.agegroup#1.htdiag_or_highbp = 0

------------------------------------------------------------------------------
          _t |     exp(b)   Std. Err.      z    P>|z|     [95% Conf. Interval]
-------------+----------------------------------------------------------------
         (1) |   12.89888   1.194859    27.61   0.000     10.75729    15.46683
------------------------------------------------------------------------------

. lincom 1.htdiag_or_highbp + 6.agegroup + 6.agegroup#1.htdiag_or_highbp, eform

 ( 1)  6.agegroup + 1.htdiag_or_highbp + 6.agegroup#1.htdiag_or_highbp = 0

------------------------------------------------------------------------------
          _t |     exp(b)   Std. Err.      z    P>|z|     [95% Conf. Interval]
-------------+----------------------------------------------------------------
         (1) |   42.22571   3.809454    41.49   0.000     35.38218     50.3929
------------------------------------------------------------------------------

. 
. log close
      name:  <unnamed>
       log:  E:\analyses\alex-tmp-repo-3\analysis\output/an_smoke_adjdemographics_cpnsdeath.log
  log type:  text
 closed on:  15 May 2020, 00:52:21
-------------------------------------------------------------------------------------------------------
-------------------------------------------------------------------------------------------------------
      name:  <unnamed>
       log:  E:\analyses\alex-tmp-repo-3\analysis\output/an_smoke_adjdemographics_cpnsdeath.log
  log type:  text
 opened on:  15 May 2020, 00:53:55

. 
end of do-file

. do "C:\Users\KRISHN~1\AppData\Local\Temp\5\STD76a4_000000.tmp"

. 
. lincom 1.htdiag_or_highbp + 1.agegroup#1.htdiag_or_highbp, eform

 ( 1)  1.htdiag_or_highbp + 1.agegroup#1.htdiag_or_highbp = 0

------------------------------------------------------------------------------
          _t |     exp(b)   Std. Err.      z    P>|z|     [95% Conf. Interval]
-------------+----------------------------------------------------------------
         (1) |   2.363103   .9341284     2.18   0.030     1.088942    5.128146
------------------------------------------------------------------------------

. lincom 1.htdiag_or_highbp + 2.agegroup#1.htdiag_or_highbp, eform

 ( 1)  1.htdiag_or_highbp + 2.agegroup#1.htdiag_or_highbp = 0

------------------------------------------------------------------------------
          _t |     exp(b)   Std. Err.      z    P>|z|     [95% Conf. Interval]
-------------+----------------------------------------------------------------
         (1) |   2.802783   .5787589     4.99   0.000     1.869912     4.20105
------------------------------------------------------------------------------

. lincom 1.htdiag_or_highbp , eform

 ( 1)  1.htdiag_or_highbp = 0

------------------------------------------------------------------------------
          _t |     exp(b)   Std. Err.      z    P>|z|     [95% Conf. Interval]
-------------+----------------------------------------------------------------
         (1) |   2.498552   .2755449     8.30   0.000     2.012873    3.101419
------------------------------------------------------------------------------

. lincom 1.htdiag_or_highbp + 4.agegroup#1.htdiag_or_highbp, eform

 ( 1)  1.htdiag_or_highbp + 4.agegroup#1.htdiag_or_highbp = 0

------------------------------------------------------------------------------
          _t |     exp(b)   Std. Err.      z    P>|z|     [95% Conf. Interval]
-------------+----------------------------------------------------------------
         (1) |   1.616699   .1313758     5.91   0.000     1.378666     1.89583
------------------------------------------------------------------------------

. lincom 1.htdiag_or_highbp + 5.agegroup#1.htdiag_or_highbp, eform

 ( 1)  1.htdiag_or_highbp + 5.agegroup#1.htdiag_or_highbp = 0

------------------------------------------------------------------------------
          _t |     exp(b)   Std. Err.      z    P>|z|     [95% Conf. Interval]
-------------+----------------------------------------------------------------
         (1) |   1.192333    .067994     3.08   0.002     1.066245    1.333332
------------------------------------------------------------------------------

. lincom 1.htdiag_or_highbp + 6.agegroup#1.htdiag_or_highbp, eform

 ( 1)  1.htdiag_or_highbp + 6.agegroup#1.htdiag_or_highbp = 0

------------------------------------------------------------------------------
          _t |     exp(b)   Std. Err.      z    P>|z|     [95% Conf. Interval]
-------------+----------------------------------------------------------------
         (1) |   1.024117   .0465998     0.52   0.600     .9367371    1.119647
------------------------------------------------------------------------------

. 
. log close
      name:  <unnamed>
       log:  E:\analyses\alex-tmp-repo-3\analysis\output/an_smoke_adjdemographics_cpnsdeath.log
  log type:  text
 closed on:  15 May 2020, 00:54:01
-------------------------------------------------------------------------------------------------------
--------------------------------------------------------------------------------------------------------------------
      name:  <unnamed>
       log:  E:\analyses\alex-tmp-repo-3\analysis\output/an_smoke_adjdemographics_cpnsdeath.log
  log type:  text
 opened on:  22 May 2020, 12:45:12

. 
. use "cr_create_analysis_dataset_STSET_`outcome'.dta", clear
(Analysis dataset for the poor outcomes in Covid project)

. 
. stcox ib3.agegroup      ///
>                         i.male                                                  ///
>                         i.obese4cat                                             ///
>                         i.smoke_nomiss                                  ///
>                         `ethnicity'                                             ///
>                         i.imd                                                   ///
>                         i.chronic_respiratory_disease   ///
>                         i.asthmacat                                             ///
>                         i.chronic_cardiac_disease               ///
>                         i.diabcat                                               ///
>                         i.cancer_exhaem_cat                             ///
>                         i.cancer_haem_cat                               ///
>                         i.chronic_liver_disease                 ///
>                         i.stroke_dementia                               ///
>                         i.other_neuro                                   ///
>                         i.reduced_kidney_function_cat   ///
>                         i.organ_transplant                              ///
>                         i.spleen                                                ///
>                         i.ra_sle_psoriasis                      ///
>                         i.other_immunosuppression                       ///
>                         ib3.agegroup i.htdiag_or_highbp ///
>                         1.agegroup#1.htdiag_or_highbp 2.agegroup#1.htdiag_or_highbp 4.agegroup#1.htdiag_or_highbp 
>  5.agegroup#1.htdiag_or_highbp 6.agegroup#1.htdiag_or_highbp ///
>                         , strata(stp)

         failure _d:  cpnsdeath
   analysis time _t:  (stime_cpnsdeath-origin)
             origin:  time enter_date
  enter on or after:  time enter_date
                 id:  patient_id

Iteration 0:   log likelihood = -75997.099
Iteration 1:   log likelihood = -70885.121
Iteration 2:   log likelihood = -66962.033
Iteration 3:   log likelihood = -66812.385
Iteration 4:   log likelihood = -66801.095
Iteration 5:   log likelihood = -66800.885
Iteration 6:   log likelihood = -66800.884
Iteration 7:   log likelihood = -66800.884
Refining estimates:
Iteration 0:   log likelihood = -66800.884

Stratified Cox regr. -- Breslow method for ties

No. of subjects =   17,282,832                  Number of obs    =  17,282,832
No. of failures =        5,651
Time at risk    =   1449942098
                                                LR chi2(43)      =    18392.43
Log likelihood  =   -66800.884                  Prob > chi2      =      0.0000

-----------------------------------------------------------------------------------------------
                           _t | Haz. Ratio   Std. Err.      z    P>|z|     [95% Conf. Interval]
------------------------------+----------------------------------------------------------------
                     agegroup |
                      18-<40  |   .0909649   .0179696   -12.14   0.000     .0617623    .1339751
                      40-<50  |   .3251664   .0545343    -6.70   0.000     .2340717    .4517129
                      60-<70  |   2.695384   .2973374     8.99   0.000     2.171309    3.345952
                      70-<80  |   7.548752   .7641147    19.97   0.000     6.190321    9.205284
                         80+  |   21.70736   2.151187    31.06   0.000      17.8753    26.36092
                              |
                       1.male |   1.863272     .05341    21.71   0.000     1.761477     1.97095
                              |
                    obese4cat |
           Obese I (30-34.9)  |    1.18407   .0408033     4.90   0.000     1.106738    1.266806
          Obese II (35-39.9)  |   1.411047   .0714874     6.80   0.000     1.277667    1.558353
             Obese III (40+)  |   1.974187   .1320857    10.17   0.000      1.73156    2.250811
                              |
                 smoke_nomiss |
                      Former  |    1.25304   .0385718     7.33   0.000     1.179676    1.330967
                     Current  |   .8325233   .0480567    -3.18   0.001     .7434666    .9322477
                              |
                          imd |
                           2  |   1.134893   .0512043     2.80   0.005     1.038844    1.239823
                           3  |   1.233189   .0553791     4.67   0.000     1.129287     1.34665
                           4  |   1.485693   .0657618     8.94   0.000     1.362235     1.62034
             5 most deprived  |   1.725478   .0782685    12.03   0.000     1.578696    1.885908
                              |
1.chronic_respiratory_disease |   1.769197   .0602812    16.74   0.000     1.654907    1.891381
                              |
                    asthmacat |
                 Yes, no OCS  |   1.086607    .044219     2.04   0.041     1.003306    1.176825
                Yes with OCS  |   1.221216   .0897065     2.72   0.007     1.057465    1.410324
                              |
    1.chronic_cardiac_disease |   1.285327    .038661     8.35   0.000     1.211744     1.36338
                              |
                      diabcat |
         Controlled diabetes  |   1.456099   .0495522    11.04   0.000     1.362146    1.556532
       Uncontrolled diabetes  |   2.160934   .0900908    18.48   0.000     1.991381    2.344924
  Diabetes, no hba1c measure  |   1.856161   .1335906     8.59   0.000     1.611957    2.137361
                              |
            cancer_exhaem_cat |
                   Last year  |   1.544487   .1520051     4.42   0.000     1.273535    1.873086
               2-5 years ago  |   1.169181   .0769348     2.38   0.018      1.02771    1.330126
                    5+ years  |   .9717979   .0441297    -0.63   0.529     .8890426    1.062256
                              |
              cancer_haem_cat |
                   Last year  |   3.258067   .6295709     6.11   0.000     2.230892    4.758187
               2-5 years ago  |   2.941368   .3340576     9.50   0.000      2.35438    3.674703
                    5+ years  |   1.826917    .183268     6.01   0.000     1.500826    2.223861
                              |
      1.chronic_liver_disease |   1.581772   .1536945     4.72   0.000     1.307483    1.913603
            1.stroke_dementia |   1.865231   .0682133    17.05   0.000     1.736215    2.003835
                1.other_neuro |   2.406591    .142309    14.85   0.000     2.143227    2.702318
                              |
  reduced_kidney_function_cat |
    Stage 3a/3b egfr 30-60    |   1.721158    .054985    17.00   0.000     1.616694    1.832372
           Stage 4/5 egfr<30  |   4.117828   .2107283    27.66   0.000     3.724846    4.552272
                              |
           1.organ_transplant |   3.080377   .4532996     7.65   0.000     2.308572    4.110213
                     1.spleen |   1.371734   .2872793     1.51   0.131     .9099224    2.067927
           1.ra_sle_psoriasis |   1.209779   .0556567     4.14   0.000     1.105467    1.323933
    1.other_immunosuppression |    1.74347   .2651706     3.65   0.000     1.294054    2.348966
           1.htdiag_or_highbp |   1.929581   .2135772     5.94   0.000     1.553271    2.397061
                              |
    agegroup#htdiag_or_highbp |
                    18-<40#1  |   1.047393   .4298515     0.11   0.910     .4685708    2.341229
                    40-<50#1  |    1.18151   .2765652     0.71   0.476     .7467757    1.869325
                    60-<70#1  |   .6187223   .0847472    -3.51   0.000     .4730484    .8092562
                    70-<80#1  |   .4608177   .0572484    -6.24   0.000     .3612289    .5878626
                       80+#1  |   .4084114    .048829    -7.49   0.000     .3230945    .5162571
-----------------------------------------------------------------------------------------------
                                                             Stratified by stp

. estimates save ./output/models/an_smoke_adjdemographics_ht_byage, replace       
file ./output/models/an_smoke_adjdemographics_ht_byage.ster saved

. 
. lincom 1.htdiag_or_highbp + 1.agegroup#1.htdiag_or_highbp, eform

 ( 1)  1.htdiag_or_highbp + 1.agegroup#1.htdiag_or_highbp = 0

------------------------------------------------------------------------------
          _t |     exp(b)   Std. Err.      z    P>|z|     [95% Conf. Interval]
-------------+----------------------------------------------------------------
         (1) |   2.021029   .7991126     1.78   0.075     .9311263    4.386688
------------------------------------------------------------------------------

. lincom 1.htdiag_or_highbp + 2.agegroup#1.htdiag_or_highbp, eform

 ( 1)  1.htdiag_or_highbp + 2.agegroup#1.htdiag_or_highbp = 0

------------------------------------------------------------------------------
          _t |     exp(b)   Std. Err.      z    P>|z|     [95% Conf. Interval]
-------------+----------------------------------------------------------------
         (1) |    2.27982   .4712419     3.99   0.000     1.520394    3.418575
------------------------------------------------------------------------------

. lincom 1.htdiag_or_highbp , eform

 ( 1)  1.htdiag_or_highbp = 0

------------------------------------------------------------------------------
          _t |     exp(b)   Std. Err.      z    P>|z|     [95% Conf. Interval]
-------------+----------------------------------------------------------------
         (1) |   1.929581   .2135772     5.94   0.000     1.553271    2.397061
------------------------------------------------------------------------------

. lincom 1.htdiag_or_highbp + 4.agegroup#1.htdiag_or_highbp, eform

 ( 1)  1.htdiag_or_highbp + 4.agegroup#1.htdiag_or_highbp = 0

------------------------------------------------------------------------------
          _t |     exp(b)   Std. Err.      z    P>|z|     [95% Conf. Interval]
-------------+----------------------------------------------------------------
         (1) |   1.193875   .0976342     2.17   0.030     1.017064    1.401424
------------------------------------------------------------------------------

. lincom 1.htdiag_or_highbp + 5.agegroup#1.htdiag_or_highbp, eform

 ( 1)  1.htdiag_or_highbp + 5.agegroup#1.htdiag_or_highbp = 0

------------------------------------------------------------------------------
          _t |     exp(b)   Std. Err.      z    P>|z|     [95% Conf. Interval]
-------------+----------------------------------------------------------------
         (1) |   .8891852   .0512037    -2.04   0.041     .7942839    .9954254
------------------------------------------------------------------------------

. lincom 1.htdiag_or_highbp + 6.agegroup#1.htdiag_or_highbp, eform

 ( 1)  1.htdiag_or_highbp + 6.agegroup#1.htdiag_or_highbp = 0

------------------------------------------------------------------------------
          _t |     exp(b)   Std. Err.      z    P>|z|     [95% Conf. Interval]
-------------+----------------------------------------------------------------
         (1) |   .7880629   .0362475    -5.18   0.000     .7201273    .8624075
------------------------------------------------------------------------------

. 
. log close
      name:  <unnamed>
       log:  E:\analyses\alex-tmp-repo-3\analysis\output/an_smoke_adjdemographics_cpnsdeath.log
  log type:  text
 closed on:  22 May 2020, 13:33:07
--------------------------------------------------------------------------------------------------------------------
